[2023-12-13 00:35:06,160: INFO: main: welcome to custom logger]
[2023-12-16 12:47:20,170: INFO: common: yaml file: config\config.yaml loaded successfully]
[2023-12-16 12:47:20,249: INFO: common: yaml file: params.yaml loaded successfully]
[2023-12-16 12:47:20,292: INFO: common: created directory at: artifacts]
[2023-12-16 12:47:20,296: INFO: common: created directory at: artifacts/data_ingestion]
[2023-12-16 12:47:30,800: INFO: 1013210141: artifacts/data_ingestion/data.zip file download! with following info: 
Connection: close
Content-Length: 23666263
Cache-Control: max-age=300
Content-Security-Policy: default-src 'none'; style-src 'unsafe-inline'; sandbox
Content-Type: application/octet-stream
ETag: "ed179f729330008c666df36a86843e69f4972210f7e984988fc4d2cecb26a92e"
Strict-Transport-Security: max-age=31536000
X-Content-Type-Options: nosniff
X-Frame-Options: deny
X-XSS-Protection: 1; mode=block
X-GitHub-Request-Id: A110:262A44:2759EA0:290CA5A:657D4F01
Accept-Ranges: bytes
Date: Sat, 16 Dec 2023 07:17:25 GMT
Via: 1.1 varnish
X-Served-By: cache-mrs10562-MRS
X-Cache: MISS
X-Cache-Hits: 0
X-Timer: S1702711045.623429,VS0,VE1035
Vary: Authorization,Accept-Encoding,Origin
Access-Control-Allow-Origin: *
Cross-Origin-Resource-Policy: cross-origin
X-Fastly-Request-ID: 2087c1d32c1d7f5bcb044f35584854632989988d
Expires: Sat, 16 Dec 2023 07:22:25 GMT
Source-Age: 1

]
[2023-12-16 13:07:04,807: INFO: common: yaml file: config\config.yaml loaded successfully]
[2023-12-16 13:07:04,811: INFO: common: yaml file: params.yaml loaded successfully]
[2023-12-16 13:07:04,854: INFO: common: created directory at: artifacts]
[2023-12-16 13:07:04,876: INFO: common: created directory at: artifacts/data_ingestion]
[2023-12-16 13:07:14,071: INFO: 1013210141: artifacts/data_ingestion/data.zip file download! with following info: 
Connection: close
Content-Length: 23666263
Cache-Control: max-age=300
Content-Security-Policy: default-src 'none'; style-src 'unsafe-inline'; sandbox
Content-Type: application/octet-stream
ETag: "ed179f729330008c666df36a86843e69f4972210f7e984988fc4d2cecb26a92e"
Strict-Transport-Security: max-age=31536000
X-Content-Type-Options: nosniff
X-Frame-Options: deny
X-XSS-Protection: 1; mode=block
X-GitHub-Request-Id: A110:262A44:2759EA0:290CA5A:657D4F01
Accept-Ranges: bytes
Date: Sat, 16 Dec 2023 07:37:09 GMT
Via: 1.1 varnish
X-Served-By: cache-mrs10540-MRS
X-Cache: HIT
X-Cache-Hits: 0
X-Timer: S1702712229.190748,VS0,VE145
Vary: Authorization,Accept-Encoding,Origin
Access-Control-Allow-Origin: *
Cross-Origin-Resource-Policy: cross-origin
X-Fastly-Request-ID: cfc72870186336d78bab389c963a7e3d686fcff1
Expires: Sat, 16 Dec 2023 07:42:09 GMT
Source-Age: 0

]
[2023-12-16 13:08:46,335: INFO: common: yaml file: config\config.yaml loaded successfully]
[2023-12-16 13:08:46,339: INFO: common: yaml file: params.yaml loaded successfully]
[2023-12-16 13:08:46,373: INFO: common: created directory at: artifacts]
[2023-12-16 13:08:46,378: INFO: common: created directory at: artifacts/data_ingestion]
[2023-12-16 13:08:49,349: INFO: 1013210141: artifacts/data_ingestion/data.zip file download! with following info: 
Server: GitHub.com
Date: Sat, 16 Dec 2023 07:38:48 GMT
Content-Type: text/html; charset=utf-8
Vary: X-PJAX, X-PJAX-Container, Turbo-Visit, Turbo-Frame, Accept-Encoding, Accept, X-Requested-With
ETag: W/"4732029bf05c582516e2296b11901b99"
Cache-Control: max-age=0, private, must-revalidate
Strict-Transport-Security: max-age=31536000; includeSubdomains; preload
X-Frame-Options: deny
X-Content-Type-Options: nosniff
X-XSS-Protection: 0
Referrer-Policy: no-referrer-when-downgrade
Content-Security-Policy: default-src 'none'; base-uri 'self'; child-src github.com/assets-cdn/worker/ gist.github.com/assets-cdn/worker/; connect-src 'self' uploads.github.com www.githubstatus.com collector.github.com raw.githubusercontent.com api.github.com github-cloud.s3.amazonaws.com github-production-repository-file-5c1aeb.s3.amazonaws.com github-production-upload-manifest-file-7fdce7.s3.amazonaws.com github-production-user-asset-6210df.s3.amazonaws.com cdn.optimizely.com logx.optimizely.com/v1/events api.githubcopilot.com objects-origin.githubusercontent.com *.actions.githubusercontent.com wss://*.actions.githubusercontent.com productionresultssa0.blob.core.windows.net/ productionresultssa1.blob.core.windows.net/ productionresultssa2.blob.core.windows.net/ productionresultssa3.blob.core.windows.net/ productionresultssa4.blob.core.windows.net/ productionresultssa5.blob.core.windows.net/ productionresultssa6.blob.core.windows.net/ productionresultssa7.blob.core.windows.net/ productionresultssa8.blob.core.windows.net/ productionresultssa9.blob.core.windows.net/ github-production-repository-image-32fea6.s3.amazonaws.com github-production-release-asset-2e65be.s3.amazonaws.com insights.github.com wss://alive.github.com; font-src github.githubassets.com; form-action 'self' github.com gist.github.com objects-origin.githubusercontent.com; frame-ancestors 'none'; frame-src viewscreen.githubusercontent.com notebooks.githubusercontent.com support.github.com; img-src 'self' data: github.githubassets.com media.githubusercontent.com camo.githubusercontent.com identicons.github.com avatars.githubusercontent.com github-cloud.s3.amazonaws.com objects.githubusercontent.com secured-user-images.githubusercontent.com/ user-images.githubusercontent.com/ private-user-images.githubusercontent.com opengraph.githubassets.com github-production-user-asset-6210df.s3.amazonaws.com customer-stories-feed.github.com spotlights-feed.github.com objects-origin.githubusercontent.com *.githubusercontent.com; manifest-src 'self'; media-src github.com user-images.githubusercontent.com/ secured-user-images.githubusercontent.com/ private-user-images.githubusercontent.com github-production-user-asset-6210df.s3.amazonaws.com gist.github.com; script-src github.githubassets.com; style-src 'unsafe-inline' github.githubassets.com; upgrade-insecure-requests; worker-src github.com/assets-cdn/worker/ gist.github.com/assets-cdn/worker/
Set-Cookie: _gh_sess=Xx%2FaSS8n2f4btFZI2NTTHcvCZibvW6k8pIEhLJ1nhUFBjRw0bOk8rLftflyulPCJO3SSa2OStKFs6akZqYi2NKgkMaBv14j3oay7pI4cj356MkhKrBigld9a1qUO7MvzjdP4emMmT%2B5We2wM%2BhxKeuZrlGbfRIF2BbWTIwwlYenX4B%2F6BMqbcdiXvDYTjF4KN%2FWsQ0IncpS4Rc3%2FhSe9NV1XQug%2FplnmU1TEQE5ddul7JSLxoDS3XHqtk%2BE7xALM2KWx00LE8P9%2B%2B3wEQRxplg%3D%3D--CroG8JyduLX87uPf--02Njdp3ixVvAVxmQZFRssg%3D%3D; Path=/; HttpOnly; Secure; SameSite=Lax
Set-Cookie: _octo=GH1.1.995320630.1702712328; Path=/; Domain=github.com; Expires=Mon, 16 Dec 2024 07:38:48 GMT; Secure; SameSite=Lax
Set-Cookie: logged_in=no; Path=/; Domain=github.com; Expires=Mon, 16 Dec 2024 07:38:48 GMT; HttpOnly; Secure; SameSite=Lax
Accept-Ranges: bytes
Transfer-Encoding: chunked
X-GitHub-Request-Id: 59F3:2538BA:788239:8456D3:657D5408
connection: close

]
[2023-12-16 13:12:49,719: INFO: common: yaml file: config\config.yaml loaded successfully]
[2023-12-16 13:12:49,723: INFO: common: yaml file: params.yaml loaded successfully]
[2023-12-16 13:12:49,755: INFO: common: created directory at: artifacts]
[2023-12-16 13:12:49,758: INFO: common: created directory at: artifacts/data_ingestion]
[2023-12-16 13:13:09,968: INFO: 1013210141: artifacts/data_ingestion/data.zip file download! with following info: 
Connection: close
Content-Length: 23666263
Cache-Control: max-age=300
Content-Security-Policy: default-src 'none'; style-src 'unsafe-inline'; sandbox
Content-Type: application/octet-stream
ETag: "ed179f729330008c666df36a86843e69f4972210f7e984988fc4d2cecb26a92e"
Strict-Transport-Security: max-age=31536000
X-Content-Type-Options: nosniff
X-Frame-Options: deny
X-XSS-Protection: 1; mode=block
X-GitHub-Request-Id: A110:262A44:2759EA0:290CA5A:657D4F01
Accept-Ranges: bytes
Date: Sat, 16 Dec 2023 07:42:53 GMT
Via: 1.1 varnish
X-Served-By: cache-mrs1050097-MRS
X-Cache: HIT
X-Cache-Hits: 0
X-Timer: S1702712574.737360,VS0,VE151
Vary: Authorization,Accept-Encoding,Origin
Access-Control-Allow-Origin: *
Cross-Origin-Resource-Policy: cross-origin
X-Fastly-Request-ID: 9a8f8fe02553982051ec2328f187afa37063d2ae
Expires: Sat, 16 Dec 2023 07:47:53 GMT
Source-Age: 0

]
[2023-12-16 13:14:59,515: INFO: common: yaml file: config\config.yaml loaded successfully]
[2023-12-16 13:14:59,519: INFO: common: yaml file: params.yaml loaded successfully]
[2023-12-16 13:14:59,521: INFO: common: created directory at: artifacts]
[2023-12-16 13:14:59,524: INFO: common: created directory at: artifacts/data_ingestion]
[2023-12-16 13:15:11,149: INFO: 1013210141: artifacts/data_ingestion/data.zip file download! with following info: 
Connection: close
Content-Length: 23666263
Cache-Control: max-age=300
Content-Security-Policy: default-src 'none'; style-src 'unsafe-inline'; sandbox
Content-Type: application/octet-stream
ETag: "ed179f729330008c666df36a86843e69f4972210f7e984988fc4d2cecb26a92e"
Strict-Transport-Security: max-age=31536000
X-Content-Type-Options: nosniff
X-Frame-Options: deny
X-XSS-Protection: 1; mode=block
X-GitHub-Request-Id: 765A:1488A8:38DA25:47764E:657D557F
Accept-Ranges: bytes
Date: Sat, 16 Dec 2023 07:45:05 GMT
Via: 1.1 varnish
X-Served-By: cache-qpg1236-QPG
X-Cache: MISS
X-Cache-Hits: 0
X-Timer: S1702712703.416580,VS0,VE1796
Vary: Authorization,Accept-Encoding,Origin
Access-Control-Allow-Origin: *
Cross-Origin-Resource-Policy: cross-origin
X-Fastly-Request-ID: 2c7ec248f105c157bae9d79fe251af04dc546663
Expires: Sat, 16 Dec 2023 07:50:05 GMT
Source-Age: 1

]
[2023-12-16 13:26:36,129: INFO: common: yaml file: config\config.yaml loaded successfully]
[2023-12-16 13:26:36,134: INFO: common: yaml file: params.yaml loaded successfully]
[2023-12-16 13:26:36,172: INFO: common: created directory at: artifacts]
[2023-12-16 13:26:36,175: INFO: common: created directory at: artifacts/data_ingestion]
[2023-12-16 13:26:45,320: INFO: 1013210141: artifacts/data_ingestion/data.zip file download! with following info: 
Connection: close
Content-Length: 24701993
Cache-Control: max-age=300
Content-Security-Policy: default-src 'none'; style-src 'unsafe-inline'; sandbox
Content-Type: application/zip
ETag: "19e9683b02ba8a5ea6fe545e404a6ca75f3732b8ae51c99a00655fd25dd0435a"
Strict-Transport-Security: max-age=31536000
X-Content-Type-Options: nosniff
X-Frame-Options: deny
X-XSS-Protection: 1; mode=block
X-GitHub-Request-Id: 7704:4238D:278F516:2946DAE:657D5837
Accept-Ranges: bytes
Date: Sat, 16 Dec 2023 07:56:40 GMT
Via: 1.1 varnish
X-Served-By: cache-mrs10573-MRS
X-Cache: MISS
X-Cache-Hits: 0
X-Timer: S1702713400.905797,VS0,VE1074
Vary: Authorization,Accept-Encoding,Origin
Access-Control-Allow-Origin: *
Cross-Origin-Resource-Policy: cross-origin
X-Fastly-Request-ID: 05cd1b0325697849af9f76975fb43042760741d8
Expires: Sat, 16 Dec 2023 08:01:40 GMT
Source-Age: 1

]
[2023-12-16 17:07:38,978: INFO: main: >>> stage Data Ingestion Stage started <<<]
[2023-12-16 17:07:38,994: INFO: common: yaml file: config\config.yaml loaded successfully]
[2023-12-16 17:07:38,994: INFO: common: yaml file: params.yaml loaded successfully]
[2023-12-16 17:07:38,994: INFO: common: created directory at: artifacts]
[2023-12-16 17:07:38,994: INFO: common: created directory at: artifacts/data_ingestion]
[2023-12-16 17:07:48,975: INFO: data_ingestion: artifacts/data_ingestion/data.zip file download! with following info: 
Connection: close
Content-Length: 24701993
Cache-Control: max-age=300
Content-Security-Policy: default-src 'none'; style-src 'unsafe-inline'; sandbox
Content-Type: application/zip
ETag: "19e9683b02ba8a5ea6fe545e404a6ca75f3732b8ae51c99a00655fd25dd0435a"
Strict-Transport-Security: max-age=31536000
X-Content-Type-Options: nosniff
X-Frame-Options: deny
X-XSS-Protection: 1; mode=block
X-GitHub-Request-Id: 1904:D8F80:2815323:29E0CA5:657D8C06
Accept-Ranges: bytes
Date: Sat, 16 Dec 2023 11:37:43 GMT
Via: 1.1 varnish
X-Served-By: cache-mrs1050092-MRS
X-Cache: MISS
X-Cache-Hits: 0
X-Timer: S1702726662.105980,VS0,VE997
Vary: Authorization,Accept-Encoding,Origin
Access-Control-Allow-Origin: *
Cross-Origin-Resource-Policy: cross-origin
X-Fastly-Request-ID: a511c8de37fcb07109c98744c291ce1df8296d1f
Expires: Sat, 16 Dec 2023 11:42:43 GMT
Source-Age: 1

]
[2023-12-16 17:07:51,130: INFO: main: >>> stage Data Ingestion Stage completed <<<

 x========x]
[2023-12-19 14:41:23,357: INFO: common: yaml file: config\config.yaml loaded successfully]
[2023-12-19 14:41:23,422: INFO: common: yaml file: params.yaml loaded successfully]
[2023-12-19 14:41:23,449: INFO: common: created directory at: artifacts]
[2023-12-19 14:48:58,846: INFO: common: yaml file: config\config.yaml loaded successfully]
[2023-12-19 14:48:58,852: INFO: common: yaml file: params.yaml loaded successfully]
[2023-12-19 14:48:58,855: INFO: common: created directory at: artifacts]
[2023-12-19 14:48:58,895: INFO: common: created directory at: artifacts/prepare_base_model]
[2023-12-19 14:58:14,863: INFO: common: yaml file: config\config.yaml loaded successfully]
[2023-12-19 14:58:14,869: INFO: common: yaml file: params.yaml loaded successfully]
[2023-12-19 14:58:14,872: INFO: common: created directory at: artifacts]
[2023-12-19 14:58:14,873: INFO: common: created directory at: artifacts/prepare_base_model]
[2023-12-19 14:58:16,829: WARNING: saving_utils: Compiled the loaded model, but the compiled metrics have yet to be built. `model.compile_metrics` will be empty until you train or evaluate the model.]
[2023-12-19 15:00:38,537: INFO: common: yaml file: config\config.yaml loaded successfully]
[2023-12-19 15:00:38,543: INFO: common: yaml file: params.yaml loaded successfully]
[2023-12-19 15:00:38,546: INFO: common: created directory at: artifacts]
[2023-12-19 15:00:38,549: INFO: common: created directory at: artifacts/prepare_base_model]
[2023-12-19 15:00:40,420: WARNING: saving_utils: Compiled the loaded model, but the compiled metrics have yet to be built. `model.compile_metrics` will be empty until you train or evaluate the model.]
[2023-12-19 15:09:48,090: INFO: common: yaml file: config\config.yaml loaded successfully]
[2023-12-19 15:09:48,097: INFO: common: yaml file: params.yaml loaded successfully]
[2023-12-19 15:09:48,099: INFO: common: created directory at: artifacts]
[2023-12-19 15:09:48,106: INFO: common: created directory at: artifacts/prepare_base_model]
[2023-12-19 15:09:50,381: WARNING: saving_utils: Compiled the loaded model, but the compiled metrics have yet to be built. `model.compile_metrics` will be empty until you train or evaluate the model.]
[2023-12-19 15:11:14,571: INFO: common: yaml file: config\config.yaml loaded successfully]
[2023-12-19 15:11:14,578: INFO: common: yaml file: params.yaml loaded successfully]
[2023-12-19 15:11:14,581: INFO: common: created directory at: artifacts]
[2023-12-19 15:11:14,584: INFO: common: created directory at: artifacts/prepare_base_model]
[2023-12-19 15:11:17,057: WARNING: saving_utils: Compiled the loaded model, but the compiled metrics have yet to be built. `model.compile_metrics` will be empty until you train or evaluate the model.]
[2023-12-19 17:41:08,455: INFO: main: >>> stage Data Ingestion Stage started <<<]
[2023-12-19 17:41:08,478: INFO: common: yaml file: config\config.yaml loaded successfully]
[2023-12-19 17:41:08,482: INFO: common: yaml file: params.yaml loaded successfully]
[2023-12-19 17:41:08,507: INFO: common: created directory at: artifacts]
[2023-12-19 17:41:08,509: INFO: common: created directory at: artifacts/data_ingestion]
[2023-12-19 17:41:19,225: INFO: data_ingestion: artifacts/data_ingestion/data.zip file download! with following info: 
Connection: close
Content-Length: 24701993
Cache-Control: max-age=300
Content-Security-Policy: default-src 'none'; style-src 'unsafe-inline'; sandbox
Content-Type: application/zip
ETag: "19e9683b02ba8a5ea6fe545e404a6ca75f3732b8ae51c99a00655fd25dd0435a"
Strict-Transport-Security: max-age=31536000
X-Content-Type-Options: nosniff
X-Frame-Options: deny
X-XSS-Protection: 1; mode=block
X-GitHub-Request-Id: A658:391231:C48A4A:CC8ED3:6581885D
Accept-Ranges: bytes
Date: Tue, 19 Dec 2023 12:11:11 GMT
Via: 1.1 varnish
X-Served-By: cache-mrs10546-MRS
X-Cache: MISS
X-Cache-Hits: 0
X-Timer: S1702987871.863499,VS0,VE903
Vary: Authorization,Accept-Encoding,Origin
Access-Control-Allow-Origin: *
Cross-Origin-Resource-Policy: cross-origin
X-Fastly-Request-ID: 16546e6ce6ab2264ec94a14ee59ba1769382f816
Expires: Tue, 19 Dec 2023 12:16:11 GMT
Source-Age: 1

]
[2023-12-19 17:41:21,654: INFO: main: >>> stage Data Ingestion Stage completed <<<

 x========x]
[2023-12-19 17:41:21,655: INFO: main: >>> stage Prepare Base Model started <<<]
[2023-12-19 17:41:21,695: INFO: common: yaml file: config\config.yaml loaded successfully]
[2023-12-19 17:41:21,741: INFO: common: yaml file: params.yaml loaded successfully]
[2023-12-19 17:41:21,787: INFO: common: created directory at: artifacts]
[2023-12-19 17:41:21,828: INFO: common: created directory at: artifacts/prepare_base_model]
[2023-12-19 17:41:21,874: ERROR: main: 'ConfigerationManager' object has no attribute 'params']
Traceback (most recent call last):
  File "main.py", line 22, in <module>
    obj.main()
  File "d:\ds projects\cnn_classification_project\cnn_classification_project\src\cnnClassifier\pipeline\stage_02_prepare_base_model.py", line 13, in main
    prepare_base_model_config = config.get_prepare_base_model_config()
  File "d:\ds projects\cnn_classification_project\cnn_classification_project\src\cnnClassifier\config\configuration.py", line 37, in get_prepare_base_model_config
    params_image_size= self.params.IMAGE_SIZE,
AttributeError: 'ConfigerationManager' object has no attribute 'params'
[2023-12-19 18:35:58,193: INFO: main: >>> stage Data Ingestion Stage started <<<]
[2023-12-19 18:35:58,198: INFO: common: yaml file: config\config.yaml loaded successfully]
[2023-12-19 18:35:58,202: INFO: common: yaml file: params.yaml loaded successfully]
[2023-12-19 18:35:58,204: INFO: common: created directory at: artifacts]
[2023-12-19 18:35:58,218: INFO: common: created directory at: artifacts/data_ingestion]
[2023-12-19 18:36:05,583: INFO: data_ingestion: artifacts/data_ingestion/data.zip file download! with following info: 
Connection: close
Content-Length: 24701993
Cache-Control: max-age=300
Content-Security-Policy: default-src 'none'; style-src 'unsafe-inline'; sandbox
Content-Type: application/zip
ETag: "19e9683b02ba8a5ea6fe545e404a6ca75f3732b8ae51c99a00655fd25dd0435a"
Strict-Transport-Security: max-age=31536000
X-Content-Type-Options: nosniff
X-Frame-Options: deny
X-XSS-Protection: 1; mode=block
X-GitHub-Request-Id: A658:391231:C48A4A:CC8ED3:6581885D
Accept-Ranges: bytes
Date: Tue, 19 Dec 2023 13:06:00 GMT
Via: 1.1 varnish
X-Served-By: cache-mrs1050090-MRS
X-Cache: HIT
X-Cache-Hits: 0
X-Timer: S1702991160.053505,VS0,VE211
Vary: Authorization,Accept-Encoding,Origin
Access-Control-Allow-Origin: *
Cross-Origin-Resource-Policy: cross-origin
X-Fastly-Request-ID: b64543e7c6803190ca9421a46297df3777e64b8f
Expires: Tue, 19 Dec 2023 13:11:00 GMT
Source-Age: 0

]
[2023-12-19 18:36:07,452: INFO: main: >>> stage Data Ingestion Stage completed <<<

 x========x]
[2023-12-19 18:36:07,453: INFO: main: >>> stage Prepare Base Model started <<<]
[2023-12-19 18:36:07,504: INFO: common: yaml file: config\config.yaml loaded successfully]
[2023-12-19 18:36:07,519: INFO: common: yaml file: params.yaml loaded successfully]
[2023-12-19 18:36:07,552: INFO: common: created directory at: artifacts]
[2023-12-19 18:36:07,553: INFO: common: created directory at: artifacts/prepare_base_model]
[2023-12-19 18:36:10,294: WARNING: saving_utils: Compiled the loaded model, but the compiled metrics have yet to be built. `model.compile_metrics` will be empty until you train or evaluate the model.]
[2023-12-19 18:36:10,921: INFO: main: >>> stage Prepare Base Model completed <<<

 x========x]
[2023-12-19 19:28:41,737: INFO: main: >>> stage Data Ingestion Stage started <<<]
[2023-12-19 19:28:41,773: INFO: common: yaml file: config\config.yaml loaded successfully]
[2023-12-19 19:28:41,814: INFO: common: yaml file: params.yaml loaded successfully]
[2023-12-19 19:28:41,842: INFO: common: created directory at: artifacts]
[2023-12-19 19:28:41,844: INFO: common: created directory at: artifacts/data_ingestion]
[2023-12-19 19:28:51,306: INFO: data_ingestion: artifacts/data_ingestion/data.zip file download! with following info: 
Connection: close
Content-Length: 24701993
Cache-Control: max-age=300
Content-Security-Policy: default-src 'none'; style-src 'unsafe-inline'; sandbox
Content-Type: application/zip
ETag: "19e9683b02ba8a5ea6fe545e404a6ca75f3732b8ae51c99a00655fd25dd0435a"
Strict-Transport-Security: max-age=31536000
X-Content-Type-Options: nosniff
X-Frame-Options: deny
X-XSS-Protection: 1; mode=block
X-GitHub-Request-Id: A658:391231:C48A4A:CC8ED3:6581885D
Accept-Ranges: bytes
Date: Tue, 19 Dec 2023 13:58:44 GMT
Via: 1.1 varnish
X-Served-By: cache-mrs1050113-MRS
X-Cache: HIT
X-Cache-Hits: 0
X-Timer: S1702994324.435272,VS0,VE176
Vary: Authorization,Accept-Encoding,Origin
Access-Control-Allow-Origin: *
Cross-Origin-Resource-Policy: cross-origin
X-Fastly-Request-ID: 1e0bcc2282346dedc1c96c0c2d3ea506c79744c1
Expires: Tue, 19 Dec 2023 14:03:44 GMT
Source-Age: 0

]
[2023-12-19 19:28:53,388: INFO: main: >>> stage Data Ingestion Stage completed <<<

 x========x]
[2023-12-19 19:28:53,398: INFO: main: >>> stage Prepare Base Model started <<<]
[2023-12-19 19:28:53,440: INFO: common: yaml file: config\config.yaml loaded successfully]
[2023-12-19 19:28:53,484: INFO: common: yaml file: params.yaml loaded successfully]
[2023-12-19 19:28:53,516: INFO: common: created directory at: artifacts]
[2023-12-19 19:28:53,538: INFO: common: created directory at: artifacts/prepare_base_model]
[2023-12-19 19:28:58,302: WARNING: saving_utils: Compiled the loaded model, but the compiled metrics have yet to be built. `model.compile_metrics` will be empty until you train or evaluate the model.]
[2023-12-19 19:28:58,942: INFO: main: >>> stage Prepare Base Model completed <<<

 x========x]
[2023-12-29 02:51:08,970: INFO: main: >>> stage Data Ingestion Stage started <<<]
[2023-12-29 02:51:08,981: INFO: common: yaml file: config\config.yaml loaded successfully]
[2023-12-29 02:51:09,016: ERROR: main: yaml file is empty]
Traceback (most recent call last):
  File "d:\ds projects\new folder\cnn_deployment\src\cnnClassifier\utils\common.py", line 33, in read_yaml
    return ConfigBox(content)
  File "box\box.py", line 259, in box.box.Box.__init__
box.exceptions.BoxValueError: First argument must be mapping or iterable

During handling of the above exception, another exception occurred:

Traceback (most recent call last):
  File "main.py", line 10, in <module>
    obj.main()
  File "d:\ds projects\new folder\cnn_deployment\src\cnnClassifier\pipeline\stage_01_data_ingestion.py", line 12, in main
    config = ConfigerationManager()
  File "d:\ds projects\new folder\cnn_deployment\src\cnnClassifier\config\configuration.py", line 9, in __init__
    self.config = read_yaml(config_filepath)
  File "E:\my programs\anaconda3\envs\chicken\lib\site-packages\ensure\main.py", line 849, in __call__
    return_val = self.f(*args, **kwargs)
  File "d:\ds projects\new folder\cnn_deployment\src\cnnClassifier\utils\common.py", line 35, in read_yaml
    raise ValueError("yaml file is empty")
ValueError: yaml file is empty
[2023-12-29 03:29:23,826: INFO: main: >>> stage Data Ingestion Stage started <<<]
[2023-12-29 03:33:23,304: INFO: common: yaml file: config\config.yaml loaded successfully]
[2023-12-29 03:33:23,343: ERROR: main: yaml file is empty]
Traceback (most recent call last):
  File "d:\ds projects\new folder\cnn_deployment\src\cnnClassifier\utils\common.py", line 33, in read_yaml
    return ConfigBox(content)
  File "box\box.py", line 259, in box.box.Box.__init__
box.exceptions.BoxValueError: First argument must be mapping or iterable

During handling of the above exception, another exception occurred:

Traceback (most recent call last):
  File "main.py", line 10, in <module>
    obj.main()
  File "d:\ds projects\new folder\cnn_deployment\src\cnnClassifier\pipeline\stage_01_data_ingestion.py", line 12, in main
    config = ConfigerationManager()
  File "d:\ds projects\new folder\cnn_deployment\src\cnnClassifier\config\configuration.py", line 9, in __init__
    self.config = read_yaml(config_filepath)
  File "E:\my programs\anaconda3\envs\chicken\lib\site-packages\ensure\main.py", line 849, in __call__
    return_val = self.f(*args, **kwargs)
  File "d:\ds projects\new folder\cnn_deployment\src\cnnClassifier\utils\common.py", line 35, in read_yaml
    raise ValueError("yaml file is empty")
ValueError: yaml file is empty
[2023-12-29 03:36:20,326: INFO: main: >>> stage Data Ingestion Stage started <<<]
[2023-12-29 03:36:20,327: INFO: common: yaml file: config\config.yaml loaded successfully]
[2023-12-29 03:36:20,328: ERROR: main: yaml file is empty]
Traceback (most recent call last):
  File "d:\ds projects\new folder\cnn_deployment\src\cnnClassifier\utils\common.py", line 33, in read_yaml
    return ConfigBox(content)
  File "box\box.py", line 259, in box.box.Box.__init__
box.exceptions.BoxValueError: First argument must be mapping or iterable

During handling of the above exception, another exception occurred:

Traceback (most recent call last):
  File "main.py", line 10, in <module>
    obj.main()
  File "d:\ds projects\new folder\cnn_deployment\src\cnnClassifier\pipeline\stage_01_data_ingestion.py", line 12, in main
    config = ConfigerationManager()
  File "d:\ds projects\new folder\cnn_deployment\src\cnnClassifier\config\configuration.py", line 9, in __init__
    self.config = read_yaml(config_filepath)
  File "E:\my programs\anaconda3\envs\chicken\lib\site-packages\ensure\main.py", line 849, in __call__
    return_val = self.f(*args, **kwargs)
  File "d:\ds projects\new folder\cnn_deployment\src\cnnClassifier\utils\common.py", line 35, in read_yaml
    raise ValueError("yaml file is empty")
ValueError: yaml file is empty
[2023-12-29 03:44:02,611: INFO: common: yaml file: config\config.yaml loaded successfully]
[2023-12-29 03:47:06,940: INFO: common: yaml file: config\config.yaml loaded successfully]
[2023-12-29 03:47:06,986: INFO: common: yaml file: params.yaml loaded successfully]
[2023-12-29 03:47:07,003: INFO: common: created directory at: artifacts]
[2023-12-29 03:47:07,026: INFO: common: created directory at: artifacts/prepare_base_model]
[2023-12-29 03:47:11,331: WARNING: saving_utils: Compiled the loaded model, but the compiled metrics have yet to be built. `model.compile_metrics` will be empty until you train or evaluate the model.]
[2023-12-29 03:47:35,027: INFO: main: >>> stage Data Ingestion Stage started <<<]
[2023-12-29 03:47:35,043: INFO: common: yaml file: config\config.yaml loaded successfully]
[2023-12-29 03:47:35,043: INFO: common: yaml file: params.yaml loaded successfully]
[2023-12-29 03:47:35,043: INFO: common: created directory at: artifacts]
[2023-12-29 03:47:35,043: INFO: common: created directory at: artifacts/data_ingestion]
[2023-12-29 03:50:44,369: INFO: data_ingestion: artifacts/data_ingestion/data.zip file download! with following info: 
Connection: close
Content-Length: 24701993
Cache-Control: max-age=300
Content-Security-Policy: default-src 'none'; style-src 'unsafe-inline'; sandbox
Content-Type: application/zip
ETag: "19e9683b02ba8a5ea6fe545e404a6ca75f3732b8ae51c99a00655fd25dd0435a"
Strict-Transport-Security: max-age=31536000
X-Content-Type-Options: nosniff
X-Frame-Options: deny
X-XSS-Protection: 1; mode=block
X-GitHub-Request-Id: ADD0:20DD90:B023FD:B80108:658DF400
Accept-Ranges: bytes
Date: Thu, 28 Dec 2023 22:17:37 GMT
Via: 1.1 varnish
X-Served-By: cache-mrs1050092-MRS
X-Cache: MISS
X-Cache-Hits: 0
X-Timer: S1703801857.871340,VS0,VE991
Vary: Authorization,Accept-Encoding,Origin
Access-Control-Allow-Origin: *
Cross-Origin-Resource-Policy: cross-origin
X-Fastly-Request-ID: 2ddfde135364b8e85e4202ccbaa3380eb3d7ad35
Expires: Thu, 28 Dec 2023 22:22:37 GMT
Source-Age: 1

]
[2023-12-29 03:50:46,493: INFO: main: >>> stage Data Ingestion Stage completed <<<

 x========x]
[2023-12-29 03:50:46,524: INFO: main: >>> stage Prepare Base Model started <<<]
[2023-12-29 03:50:46,571: INFO: common: yaml file: config\config.yaml loaded successfully]
[2023-12-29 03:50:46,602: INFO: common: yaml file: params.yaml loaded successfully]
[2023-12-29 03:50:46,649: INFO: common: created directory at: artifacts]
[2023-12-29 03:50:46,712: INFO: common: created directory at: artifacts/prepare_base_model]
[2023-12-29 03:50:48,383: WARNING: saving_utils: Compiled the loaded model, but the compiled metrics have yet to be built. `model.compile_metrics` will be empty until you train or evaluate the model.]
[2023-12-29 03:50:49,968: INFO: main: >>> stage Prepare Base Model completed <<<

 x========x]
[2023-12-29 05:32:39,239: INFO: main: >>> stage Data Ingestion Stage started <<<]
[2023-12-29 05:32:39,276: INFO: common: yaml file: config\config.yaml loaded successfully]
[2023-12-29 05:32:39,317: INFO: common: yaml file: params.yaml loaded successfully]
[2023-12-29 05:32:39,319: INFO: common: created directory at: artifacts]
[2023-12-29 05:32:39,322: INFO: common: created directory at: artifacts/data_ingestion]
[2023-12-29 05:34:58,505: INFO: data_ingestion: artifacts/data_ingestion/data.zip file download! with following info: 
Connection: close
Content-Length: 24701993
Cache-Control: max-age=300
Content-Security-Policy: default-src 'none'; style-src 'unsafe-inline'; sandbox
Content-Type: application/zip
ETag: "19e9683b02ba8a5ea6fe545e404a6ca75f3732b8ae51c99a00655fd25dd0435a"
Strict-Transport-Security: max-age=31536000
X-Content-Type-Options: nosniff
X-Frame-Options: deny
X-XSS-Protection: 1; mode=block
X-GitHub-Request-Id: F7CA:3BCE8:BA3AD5:C2AA1F:658E0C9F
Accept-Ranges: bytes
Date: Fri, 29 Dec 2023 00:02:43 GMT
Via: 1.1 varnish
X-Served-By: cache-mrs10567-MRS
X-Cache: MISS
X-Cache-Hits: 0
X-Timer: S1703808163.655457,VS0,VE1115
Vary: Authorization,Accept-Encoding,Origin
Access-Control-Allow-Origin: *
Cross-Origin-Resource-Policy: cross-origin
X-Fastly-Request-ID: f1fe6912601acf82d17f66870be02768d0c9e9a7
Expires: Fri, 29 Dec 2023 00:07:43 GMT
Source-Age: 1

]
[2023-12-29 05:35:00,533: INFO: main: >>> stage Data Ingestion Stage completed <<<

 x========x]
[2023-12-29 05:35:00,607: INFO: main: >>> stage Prepare Base Model started <<<]
[2023-12-29 05:35:00,658: INFO: common: yaml file: config\config.yaml loaded successfully]
[2023-12-29 05:35:00,698: INFO: common: yaml file: params.yaml loaded successfully]
[2023-12-29 05:35:00,751: INFO: common: created directory at: artifacts]
[2023-12-29 05:35:00,789: INFO: common: created directory at: artifacts/prepare_base_model]
[2023-12-29 05:35:03,352: WARNING: saving_utils: Compiled the loaded model, but the compiled metrics have yet to be built. `model.compile_metrics` will be empty until you train or evaluate the model.]
[2023-12-29 05:35:03,868: INFO: main: >>> stage Prepare Base Model completed <<<

 x========x]
